../Drivers/CMSIS/Include/core_cm7.h:2606:26:uint32_t ITM_SendChar(uint32_t)	16	static,ignoring_inline_asm
../Core/Inc/peripherals.h:313:6:void Delay_us(uint16_t, TIM_HandleTypeDef*)	24	static
../Core/Inc/peripherals.h:325:6:void Read_Pot(Potentiometer*, ADC_HandleTypeDef*)	16	static
../Core/Inc/peripherals.h:341:6:void Calibrate_Pot(Potentiometer*, ADC_HandleTypeDef*)	24	static
../Core/Inc/peripherals.h:369:6:void getSonarDistance(Ultrasonic*)	24	static
../Core/Inc/peripherals.h:397:6:void setSpeed(Motor*, uint32_t, GPIO_PinState)	24	static
../Core/Inc/peripherals.h:411:6:void Read_Accel(IMU*, I2C_HandleTypeDef*)	40	static
../Core/Inc/peripherals.h:441:6:void Read_Gyro(IMU*, I2C_HandleTypeDef*)	40	static
../Core/Inc/peripherals.h:471:6:void Read_IMU(IMU*, I2C_HandleTypeDef*)	32	static
../Core/Inc/peripherals.h:493:19:HAL_StatusTypeDef Start_IMU_DMA(IMU*, I2C_HandleTypeDef*)	24	static
../Core/Inc/peripherals.h:503:6:void Process_IMU_Data(IMU*)	16	static
../Core/Inc/peripherals.h:523:6:void Calibrate_Gyro(IMU*, I2C_HandleTypeDef*, uint16_t)	32	static
../Core/Inc/peripherals.h:557:6:void IMU_Init(IMU*, I2C_HandleTypeDef*)	32	static
../Core/Inc/peripherals.h:153:16:Accelerometer::Accelerometer()	16	static
../Core/Inc/peripherals.h:177:16:Gyroscope::Gyroscope()	16	static
../Core/Inc/peripherals.h:203:16:IMU::IMU()	16	static
../Core/Src/main.cpp:371:13:void SPI1_Recover()	8	static
../Core/Src/main.cpp:387:10:uint16_t Read_AS5600(I2C_HandleTypeDef*)	40	static
../Core/Src/main.cpp:413:10:uint16_t Read_ADC_Channel(ADC_HandleTypeDef*, uint32_t)	40	static
../Core/Src/main.cpp:445:7:float get_median(volatile float*, uint8_t)	64	static
../Core/Src/main.cpp:499:5:int main()	152	static
../Core/Src/main.cpp:1161:6:void SystemClock_Config()	88	static
../Core/Src/main.cpp:1263:13:void MX_ADC1_Init()	24	static
../Core/Src/main.cpp:1367:13:void MX_ADC3_Init()	24	static
../Core/Src/main.cpp:1471:13:void MX_I2C2_Init()	8	static
../Core/Src/main.cpp:1567:13:void MX_SPI1_Init()	8	static
../Core/Src/main.cpp:1647:13:void MX_TIM1_Init()	112	static
../Core/Src/main.cpp:1831:13:void MX_TIM5_Init()	40	static
../Core/Src/main.cpp:1921:13:void MX_TIM14_Init()	8	static
../Core/Src/main.cpp:1979:13:void MX_DMA_Init()	16	static
../Core/Src/main.cpp:2021:13:void MX_GPIO_Init()	64	static
../Core/Src/main.cpp:2383:6:void HAL_SPI_TxRxCpltCallback(SPI_HandleTypeDef*)	24	static
../Core/Src/main.cpp:2425:6:void HAL_SPI_ErrorCallback(SPI_HandleTypeDef*)	16	static
../Core/Src/main.cpp:2441:6:void HAL_GPIO_EXTI_Callback(uint16_t)	48	static
../Core/Src/main.cpp:2599:5:int _write(int, uint8_t*, int)	32	static
../Core/Src/main.cpp:2633:6:void MPU_Config()	24	static
../Core/Src/main.cpp:2695:6:void Error_Handler()	4	static,ignoring_inline_asm
../Core/Src/main.cpp:2713:1:void __static_initialization_and_destruction_0()	8	static
../Core/Src/main.cpp:2713:1:cpp)	8	static
